const float i10 = 5.0;
const float3 i11 = float3(i10, i10, i10);
const float i13 = 15.0;
const float3 i14 = float3(i13, i13, i13);
half4 main(float2 iFragCoord);

half4 main(float2 iFragCoord) {
  float4 oColor;
  float3 i9;
  float3 i12;
  float3 i15;
  float3 i18;
  float3 i21;
  float3 i24;
  float3 i27;
  float3 i30;
  float3 i35;
  float3 i38;
  float3 i41;
  float3 i44;
  float3 i47;
  float3 i52;
  float3 i55;
  float3 i58;
  float3 i61;
  float3 i64;
  float3 i67;
  float3 i72;
  float3 i75;
  float3 i79;
  float3 i82;
  float3 i85;
  float3 i90;
  float3 i93;
  float3 i97;
  float3 i100;
  float3 i103;
  float3 i107;
  float3 i111;
  float3 i115;
  float i120;
  i9 = i11;
  i12 = i14;
  float3 i17 = abs(i9);
  i15 = i17;
  float3 i20 = acos(i15);
  i18 = i20;
  float3 i23 = asin(i18);
  i21 = i23;
  float3 i26 = atan(i21);
  i24 = i26;
  float3 i29 = ceil(i24);
  i27 = i29;
  float3 i34 = clamp(i27, i9, i12);
  i30 = i34;
  float3 i37 = cos(i30);
  i35 = i37;
  float3 i40 = degrees(i35);
  i38 = i40;
  float3 i43 = exp(i38);
  i41 = i43;
  float3 i46 = exp2(i41);
  i44 = i46;
  float3 i51 = faceforward(i44, i9, i12);
  i47 = i51;
  float3 i54 = floor(i47);
  i52 = i54;
  float3 i57 = fract(i52);
  i55 = i57;
  float3 i60 = inversesqrt(i55);
  i58 = i60;
  float3 i63 = log(i58);
  i61 = i63;
  float3 i66 = log2(i61);
  i64 = i66;
  float3 i71 = mix(i9, i12, i64);
  i67 = i71;
  float3 i74 = radians(i67);
  i72 = i74;
  float3 i78 = reflect(i72, i9);
  i75 = i78;
  float3 i81 = sign(i75);
  i79 = i81;
  float3 i84 = sin(i79);
  i82 = i84;
  float3 i89 = smoothstep(i9, i12, i82);
  i85 = i89;
  float3 i92 = sqrt(i85);
  i90 = i92;
  float3 i96 = step(i9, i90);
  i93 = i96;
  float3 i99 = tan(i93);
  i97 = i99;
  float3 i102 = trunc(i97);
  i100 = i102;
  float3 i106 = atan2(i100, i12);
  i103 = i106;
  float3 i110 = pow(i103, i9);
  i107 = i110;
  float3 i114 = min(i107, i9);
  i111 = i114;
  float3 i118 = max(i111, i12);
  i115 = i118;
  float i123 = distance(i115, i9);
  i120 = i123;
  float i129 = i107[0];
  float i130 = i107[1];
  float i131 = i107[2];
  float4 i132 = float4(i129, i130, i131, i120);
  oColor = i132;
  return oColor;
}

