const float i10 = 5.0;
const float3 i11 = float3(i10, i10, i10);
const float i13 = 15.0;
const float3 i14 = float3(i13, i13, i13);
half4 main(float2 iFragCoord);

half4 main(float2 iFragCoord) {
  float4 iFC = float4(iFragCoord, 0, 0);
  float4 oColor;
  float3 i9;
  float3 i12;
  float3 i15;
  float3 i18;
  float3 i21;
  float3 i24;
  float3 i27;
  float3 i30;
  float3 i35;
  float3 i38;
  float3 i41;
  float3 i44;
  float3 i47;
  float3 i52;
  float3 i55;
  float3 i58;
  float3 i61;
  float3 i64;
  float3 i67;
  float3 i72;
  float3 i75;
  float3 i79;
  float3 i82;
  float3 i85;
  float3 i90;
  float3 i93;
  float3 i97;
  float3 i100;
  float3 i103;
  float3 i107;
  float3 i111;
  float3 i115;
  float i120;
  i9 = i11;
  i12 = i14;
  float3 i16 = i9;
  float3 i17 = abs(i16);
  i15 = i17;
  float3 i19 = i15;
  float3 i20 = acos(i19);
  i18 = i20;
  float3 i22 = i18;
  float3 i23 = asin(i22);
  i21 = i23;
  float3 i25 = i21;
  float3 i26 = atan(i25);
  i24 = i26;
  float3 i28 = i24;
  float3 i29 = ceil(i28);
  i27 = i29;
  float3 i31 = i27;
  float3 i32 = i9;
  float3 i33 = i12;
  float3 i34 = clamp(i31, i32, i33);
  i30 = i34;
  float3 i36 = i30;
  float3 i37 = cos(i36);
  i35 = i37;
  float3 i39 = i35;
  float3 i40 = degrees(i39);
  i38 = i40;
  float3 i42 = i38;
  float3 i43 = exp(i42);
  i41 = i43;
  float3 i45 = i41;
  float3 i46 = exp2(i45);
  i44 = i46;
  float3 i48 = i44;
  float3 i49 = i9;
  float3 i50 = i12;
  float3 i51 = faceforward(i48, i49, i50);
  i47 = i51;
  float3 i53 = i47;
  float3 i54 = floor(i53);
  i52 = i54;
  float3 i56 = i52;
  float3 i57 = fract(i56);
  i55 = i57;
  float3 i59 = i55;
  float3 i60 = inversesqrt(i59);
  i58 = i60;
  float3 i62 = i58;
  float3 i63 = log(i62);
  i61 = i63;
  float3 i65 = i61;
  float3 i66 = log2(i65);
  i64 = i66;
  float3 i68 = i9;
  float3 i69 = i12;
  float3 i70 = i64;
  float3 i71 = mix(i68, i69, i70);
  i67 = i71;
  float3 i73 = i67;
  float3 i74 = radians(i73);
  i72 = i74;
  float3 i76 = i72;
  float3 i77 = i9;
  float3 i78 = reflect(i76, i77);
  i75 = i78;
  float3 i80 = i75;
  float3 i81 = sign(i80);
  i79 = i81;
  float3 i83 = i79;
  float3 i84 = sin(i83);
  i82 = i84;
  float3 i86 = i9;
  float3 i87 = i12;
  float3 i88 = i82;
  float3 i89 = smoothstep(i86, i87, i88);
  i85 = i89;
  float3 i91 = i85;
  float3 i92 = sqrt(i91);
  i90 = i92;
  float3 i94 = i9;
  float3 i95 = i90;
  float3 i96 = step(i94, i95);
  i93 = i96;
  float3 i98 = i93;
  float3 i99 = tan(i98);
  i97 = i99;
  float3 i101 = i97;
  float3 i102 = trunc(i101);
  i100 = i102;
  float3 i104 = i100;
  float3 i105 = i12;
  float3 i106 = atan2(i104, i105);
  i103 = i106;
  float3 i108 = i103;
  float3 i109 = i9;
  float3 i110 = pow(i108, i109);
  i107 = i110;
  float3 i112 = i107;
  float3 i113 = i9;
  float3 i114 = min(i112, i113);
  i111 = i114;
  float3 i116 = i111;
  float3 i117 = i12;
  float3 i118 = max(i116, i117);
  i115 = i118;
  float3 i121 = i115;
  float3 i122 = i9;
  float i123 = distance(i121, i122);
  i120 = i123;
  float3 i127 = i107;
  float i128 = i120;
  float i129 = i127[0];
  float i130 = i127[1];
  float i131 = i127[2];
  float4 i132 = float4(i129, i130, i131, i128);
  oColor = i132;
  return oColor;
}

